// Jest Snapshot v1, https://jestjs.io/docs/snapshot-testing

exports[`search function can find touches taking more sixes than the minimum 1`] = `
[
  Calling {
    "calling": "   s-- --  -    ",
  },
  Calling {
    "calling": "   - -  s  -    ",
  },
  Calling {
    "calling": "   s -  -- -    ",
  },
  Calling {
    "calling": "  ---  s-- -    ",
  },
  Calling {
    "calling": "s - s  s-- -    ",
  },
  Calling {
    "calling": "   --- s-- -    ",
  },
  Calling {
    "calling": "   s-  - -  -   ",
  },
  Calling {
    "calling": "s - -- - -  -   ",
  },
  Calling {
    "calling": "  s--- - -  -   ",
  },
  Calling {
    "calling": "s ---- --  --   ",
  },
  Calling {
    "calling": "  - s- --  --   ",
  },
  Calling {
    "calling": "  -  -  s  --   ",
  },
  Calling {
    "calling": "s s- -  s  --   ",
  },
  Calling {
    "calling": "-  s-  - - --   ",
  },
  Calling {
    "calling": "- s--- - - --   ",
  },
  Calling {
    "calling": "s -- -  -- --   ",
  },
  Calling {
    "calling": "s  s-  s-- --   ",
  },
  Calling {
    "calling": "  - -- s-- --   ",
  },
  Calling {
    "calling": "s s--- s-- --   ",
  },
  Calling {
    "calling": "  ---- --  s-   ",
  },
  Calling {
    "calling": "s - s- --  s-   ",
  },
  Calling {
    "calling": "s -  -  s  s-   ",
  },
  Calling {
    "calling": "  s- -  s  s-   ",
  },
  Calling {
    "calling": "  -- -  -- s-   ",
  },
  Calling {
    "calling": "   s-  s-- s-   ",
  },
  Calling {
    "calling": "s - -- s-- s-   ",
  },
  Calling {
    "calling": "  s--- s-- s-   ",
  },
  Calling {
    "calling": "- ---- --   s   ",
  },
  Calling {
    "calling": "- s- -  s   s   ",
  },
  Calling {
    "calling": "s  s-  - -  s   ",
  },
  Calling {
    "calling": "  - -- - -  s   ",
  },
  Calling {
    "calling": "s s--- - -  s   ",
  },
  Calling {
    "calling": "- -- -  --  s   ",
  },
  Calling {
    "calling": "-  s-  s--  s   ",
  },
  Calling {
    "calling": "- s--- s--  s   ",
  },
  Calling {
    "calling": "   - -    -  s  ",
  },
  Calling {
    "calling": "   s-- s  -  s  ",
  },
  Calling {
    "calling": "   s -   s-  s  ",
  },
  Calling {
    "calling": "  ---  s s-  s  ",
  },
  Calling {
    "calling": "s - s  s s-  s  ",
  },
  Calling {
    "calling": "   --- s s-  s  ",
  },
  Calling {
    "calling": "   s s- - -- s  ",
  },
  Calling {
    "calling": "  --- --- -- s  ",
  },
  Calling {
    "calling": "s - s --- -- s  ",
  },
  Calling {
    "calling": "   ------ -- s  ",
  },
  Calling {
    "calling": "s -   - s -- s  ",
  },
  Calling {
    "calling": "  s-  - s -- s  ",
  },
  Calling {
    "calling": "   - s- s -- s  ",
  },
  Calling {
    "calling": "  ---  ----- s  ",
  },
  Calling {
    "calling": "s - s  ----- s  ",
  },
  Calling {
    "calling": "   --- ----- s  ",
  },
  Calling {
    "calling": "   s -  s--- s  ",
  },
  Calling {
    "calling": "   s-- -- s- s  ",
  },
  Calling {
    "calling": "   - -  s s- s  ",
  },
  Calling {
    "calling": "- s- -      --  ",
  },
  Calling {
    "calling": "- ---- s    --  ",
  },
  Calling {
    "calling": "s -- -   -  --  ",
  },
  Calling {
    "calling": "s  s-  s -  --  ",
  },
  Calling {
    "calling": "  - -- s -  --  ",
  },
  Calling {
    "calling": "s s--- s -  --  ",
  },
  Calling {
    "calling": "- -- -   s  --  ",
  },
  Calling {
    "calling": "-  s-  s s  --  ",
  },
  Calling {
    "calling": "- s--- s s  --  ",
  },
  Calling {
    "calling": "s -  -    - --  ",
  },
  Calling {
    "calling": "  s- -    - --  ",
  },
  Calling {
    "calling": "  ---- s  - --  ",
  },
  Calling {
    "calling": "s - s- s  - --  ",
  },
  Calling {
    "calling": "  -- -   s- --  ",
  },
  Calling {
    "calling": "   s-  s s- --  ",
  },
  Calling {
    "calling": "s - -- s s- --  ",
  },
  Calling {
    "calling": "  s--- s s- --  ",
  },
  Calling {
    "calling": "-  -  -    s--  ",
  },
  Calling {
    "calling": "- s- s-    s--  ",
  },
  Calling {
    "calling": "- ------   s--  ",
  },
  Calling {
    "calling": "-  s- s-   s--  ",
  },
  Calling {
    "calling": "s -- s- -  s--  ",
  },
  Calling {
    "calling": "s  s- ---  s--  ",
  },
  Calling {
    "calling": "  - -----  s--  ",
  },
  Calling {
    "calling": "s s------  s--  ",
  },
  Calling {
    "calling": "s  -  - s  s--  ",
  },
  Calling {
    "calling": "  -  s- s  s--  ",
  },
  Calling {
    "calling": "s s- s- s  s--  ",
  },
  Calling {
    "calling": "-  s-  - s s--  ",
  },
  Calling {
    "calling": "- s--- - s s--  ",
  },
  Calling {
    "calling": "s  s-  --- s--  ",
  },
  Calling {
    "calling": "  - -- --- s--  ",
  },
  Calling {
    "calling": "s s--- --- s--  ",
  },
  Calling {
    "calling": "s -- -  s- s--  ",
  },
  Calling {
    "calling": "  -- s- - ----  ",
  },
  Calling {
    "calling": "   s- --- ----  ",
  },
  Calling {
    "calling": "s - ----- ----  ",
  },
  Calling {
    "calling": "  s------ ----  ",
  },
  Calling {
    "calling": "   -  - s ----  ",
  },
  Calling {
    "calling": "s -  s- s ----  ",
  },
  Calling {
    "calling": "  s- s- s ----  ",
  },
  Calling {
    "calling": "   s-  -------  ",
  },
  Calling {
    "calling": "s - -- -------  ",
  },
  Calling {
    "calling": "  s--- -------  ",
  },
  Calling {
    "calling": "  -- -  s-----  ",
  },
  Calling {
    "calling": "  ---- -- s---  ",
  },
  Calling {
    "calling": "s - s- -- s---  ",
  },
  Calling {
    "calling": "s -  -  s s---  ",
  },
  Calling {
    "calling": "  s- -  s s---  ",
  },
  Calling {
    "calling": "   -  -   - s-  ",
  },
  Calling {
    "calling": "s -  s-   - s-  ",
  },
  Calling {
    "calling": "  s- s-   - s-  ",
  },
  Calling {
    "calling": "  ------  - s-  ",
  },
  Calling {
    "calling": "s - s---  - s-  ",
  },
  Calling {
    "calling": "   s- s-  - s-  ",
  },
  Calling {
    "calling": "   s-  - s- s-  ",
  },
  Calling {
    "calling": "s - -- - s- s-  ",
  },
  Calling {
    "calling": "  s--- - s- s-  ",
  },
  Calling {
    "calling": "   s-    -  - - ",
  },
  Calling {
    "calling": "s - --   -  - - ",
  },
  Calling {
    "calling": "  s---   -  - - ",
  },
  Calling {
    "calling": "  -- - s -  - - ",
  },
  Calling {
    "calling": "  ----- -  s- - ",
  },
  Calling {
    "calling": "s - s-- -  s- - ",
  },
  Calling {
    "calling": "   s- s -  s- - ",
  },
  Calling {
    "calling": "  -- ----  s- - ",
  },
  Calling {
    "calling": "s -  -- s  s- - ",
  },
  Calling {
    "calling": "  s- -- s  s- - ",
  },
  Calling {
    "calling": "   -  s s  s- - ",
  },
  Calling {
    "calling": "  -- - --- s- - ",
  },
  Calling {
    "calling": "   s-   s- s- - ",
  },
  Calling {
    "calling": "s - --  s- s- - ",
  },
  Calling {
    "calling": "  s---  s- s- - ",
  },
  Calling {
    "calling": "s -  --   - --- ",
  },
  Calling {
    "calling": "  s- --   - --- ",
  },
  Calling {
    "calling": "   -  s   - --- ",
  },
  Calling {
    "calling": "  -- s--  - --- ",
  },
  Calling {
    "calling": "  -- - - s- --- ",
  },
  Calling {
    "calling": "  -- s -- ----- ",
  },
  Calling {
    "calling": "   -    s ----- ",
  },
  Calling {
    "calling": "s -  s  s ----- ",
  },
  Calling {
    "calling": "  s- s  s ----- ",
  },
  Calling {
    "calling": "   s-   ------- ",
  },
  Calling {
    "calling": "s - --  ------- ",
  },
  Calling {
    "calling": "  s---  ------- ",
  },
  Calling {
    "calling": "  -- - s------- ",
  },
  Calling {
    "calling": "  ----- - s---- ",
  },
  Calling {
    "calling": "s - s-- - s---- ",
  },
  Calling {
    "calling": "   s- s - s---- ",
  },
  Calling {
    "calling": "  -- ---- s---- ",
  },
  Calling {
    "calling": "s -  -- s s---- ",
  },
  Calling {
    "calling": "  s- -- s s---- ",
  },
  Calling {
    "calling": "   -  s s s---- ",
  },
  Calling {
    "calling": "   -      - s-- ",
  },
  Calling {
    "calling": "s -  s    - s-- ",
  },
  Calling {
    "calling": "  s- s    - s-- ",
  },
  Calling {
    "calling": "  -- s s  - s-- ",
  },
  Calling {
    "calling": "   s-    s- s-- ",
  },
  Calling {
    "calling": "s - --   s- s-- ",
  },
  Calling {
    "calling": "  s---   s- s-- ",
  },
  Calling {
    "calling": "  -- - s s- s-- ",
  },
  Calling {
    "calling": "  -- - - -  - s ",
  },
  Calling {
    "calling": "  -- s --  s- s ",
  },
  Calling {
    "calling": "   -    s  s- s ",
  },
  Calling {
    "calling": "s -  s  s  s- s ",
  },
  Calling {
    "calling": "  s- s  s  s- s ",
  },
  Calling {
    "calling": "   s-   -- s- s ",
  },
  Calling {
    "calling": "s - --  -- s- s ",
  },
  Calling {
    "calling": "  s---  -- s- s ",
  },
  Calling {
    "calling": "  -- - s-- s- s ",
  },
  Calling {
    "calling": "   s--- -  -   -",
  },
  Calling {
    "calling": "  --- s -  -   -",
  },
  Calling {
    "calling": "s - s s -  -   -",
  },
  Calling {
    "calling": "   s ----  -   -",
  },
  Calling {
    "calling": "   - -- s  -   -",
  },
  Calling {
    "calling": "s -   s s  -   -",
  },
  Calling {
    "calling": "  s-  s s  -   -",
  },
  Calling {
    "calling": "   s - --- -   -",
  },
  Calling {
    "calling": "  ---   s- -   -",
  },
  Calling {
    "calling": "s - s   s- -   -",
  },
  Calling {
    "calling": "   ---  s- -   -",
  },
  Calling {
    "calling": "   - --   -  s -",
  },
  Calling {
    "calling": "s -   s   -  s -",
  },
  Calling {
    "calling": "  s-  s   -  s -",
  },
  Calling {
    "calling": "   s s--  -  s -",
  },
  Calling {
    "calling": "   s - - s-  s -",
  },
  Calling {
    "calling": "   s s -- -- s -",
  },
  Calling {
    "calling": "s -     s -- s -",
  },
  Calling {
    "calling": "  s-    s -- s -",
  },
  Calling {
    "calling": "   - s  s -- s -",
  },
  Calling {
    "calling": "  ---   ---- s -",
  },
  Calling {
    "calling": "s - s   ---- s -",
  },
  Calling {
    "calling": "   ---  ---- s -",
  },
  Calling {
    "calling": "   s - s---- s -",
  },
  Calling {
    "calling": "   s--- - s- s -",
  },
  Calling {
    "calling": "  --- s - s- s -",
  },
  Calling {
    "calling": "s - s s - s- s -",
  },
  Calling {
    "calling": "   s ---- s- s -",
  },
  Calling {
    "calling": "   - -- s s- s -",
  },
  Calling {
    "calling": "s -   s s s- s -",
  },
  Calling {
    "calling": "  s-  s s s- s -",
  },
  Calling {
    "calling": "   s s- -  -   s",
  },
  Calling {
    "calling": "  --- ---  -   s",
  },
  Calling {
    "calling": "s - s ---  -   s",
  },
  Calling {
    "calling": "   ------  -   s",
  },
  Calling {
    "calling": "s -   - s  -   s",
  },
  Calling {
    "calling": "  s-  - s  -   s",
  },
  Calling {
    "calling": "   - s- s  -   s",
  },
  Calling {
    "calling": "  ---  --- -   s",
  },
  Calling {
    "calling": "s - s  --- -   s",
  },
  Calling {
    "calling": "   --- --- -   s",
  },
  Calling {
    "calling": "   s -  s- -   s",
  },
  Calling {
    "calling": "   -  -   -  - s",
  },
  Calling {
    "calling": "s -  s-   -  - s",
  },
  Calling {
    "calling": "  s- s-   -  - s",
  },
  Calling {
    "calling": "  ------  -  - s",
  },
  Calling {
    "calling": "s - s---  -  - s",
  },
  Calling {
    "calling": "   s- s-  -  - s",
  },
  Calling {
    "calling": "   s-  - s-  - s",
  },
  Calling {
    "calling": "s - -- - s-  - s",
  },
  Calling {
    "calling": "  s--- - s-  - s",
  },
  Calling {
    "calling": "-  -  -    - - s",
  },
  Calling {
    "calling": "- s- s-    - - s",
  },
  Calling {
    "calling": "- ------   - - s",
  },
  Calling {
    "calling": "-  s- s-   - - s",
  },
  Calling {
    "calling": "s -- s- -  - - s",
  },
  Calling {
    "calling": "s  s- ---  - - s",
  },
  Calling {
    "calling": "  - -----  - - s",
  },
  Calling {
    "calling": "s s------  - - s",
  },
  Calling {
    "calling": "s  -  - s  - - s",
  },
  Calling {
    "calling": "  -  s- s  - - s",
  },
  Calling {
    "calling": "s s- s- s  - - s",
  },
  Calling {
    "calling": "-  s-  - s - - s",
  },
  Calling {
    "calling": "- s--- - s - - s",
  },
  Calling {
    "calling": "s  s-  --- - - s",
  },
  Calling {
    "calling": "  - -- --- - - s",
  },
  Calling {
    "calling": "s s--- --- - - s",
  },
  Calling {
    "calling": "s -- -  s- - - s",
  },
  Calling {
    "calling": "  ---- -- -- - s",
  },
  Calling {
    "calling": "s - s- -- -- - s",
  },
  Calling {
    "calling": "s -  -  s -- - s",
  },
  Calling {
    "calling": "  s- -  s -- - s",
  },
  Calling {
    "calling": "  -- -  ---- - s",
  },
  Calling {
    "calling": "   s-  s---- - s",
  },
  Calling {
    "calling": "s - -- s---- - s",
  },
  Calling {
    "calling": "  s--- s---- - s",
  },
  Calling {
    "calling": "  -- s- - s- - s",
  },
  Calling {
    "calling": "   s- --- s- - s",
  },
  Calling {
    "calling": "s - ----- s- - s",
  },
  Calling {
    "calling": "  s------ s- - s",
  },
  Calling {
    "calling": "   -  - s s- - s",
  },
  Calling {
    "calling": "s -  s- s s- - s",
  },
  Calling {
    "calling": "  s- s- s s- - s",
  },
  Calling {
    "calling": "s -   -   -  s s",
  },
  Calling {
    "calling": "  s-  -   -  s s",
  },
  Calling {
    "calling": "   - s-   -  s s",
  },
  Calling {
    "calling": "   s----  -  s s",
  },
  Calling {
    "calling": "  --- s-  -  s s",
  },
  Calling {
    "calling": "s - s s-  -  s s",
  },
  Calling {
    "calling": "  ---  - s-  s s",
  },
  Calling {
    "calling": "s - s  - s-  s s",
  },
  Calling {
    "calling": "   --- - s-  s s",
  },
  Calling {
    "calling": "   s-- -- -- s s",
  },
  Calling {
    "calling": "   - -  s -- s s",
  },
  Calling {
    "calling": "   s -  ---- s s",
  },
  Calling {
    "calling": "  ---  s---- s s",
  },
  Calling {
    "calling": "s - s  s---- s s",
  },
  Calling {
    "calling": "   --- s---- s s",
  },
  Calling {
    "calling": "   s s- - s- s s",
  },
  Calling {
    "calling": "  --- --- s- s s",
  },
  Calling {
    "calling": "s - s --- s- s s",
  },
  Calling {
    "calling": "   ------ s- s s",
  },
  Calling {
    "calling": "s -   - s s- s s",
  },
  Calling {
    "calling": "  s-  - s s- s s",
  },
  Calling {
    "calling": "   - s- s s- s s",
  },
  Calling {
    "calling": "s -  --   -  ---",
  },
  Calling {
    "calling": "  s- --   -  ---",
  },
  Calling {
    "calling": "   -  s   -  ---",
  },
  Calling {
    "calling": "  -- s--  -  ---",
  },
  Calling {
    "calling": "  -- - - s-  ---",
  },
  Calling {
    "calling": "  -- s -- -- ---",
  },
  Calling {
    "calling": "   -    s -- ---",
  },
  Calling {
    "calling": "s -  s  s -- ---",
  },
  Calling {
    "calling": "  s- s  s -- ---",
  },
  Calling {
    "calling": "   s-   ---- ---",
  },
  Calling {
    "calling": "s - --  ---- ---",
  },
  Calling {
    "calling": "  s---  ---- ---",
  },
  Calling {
    "calling": "  -- - s---- ---",
  },
  Calling {
    "calling": "  ----- - s- ---",
  },
  Calling {
    "calling": "s - s-- - s- ---",
  },
  Calling {
    "calling": "   s- s - s- ---",
  },
  Calling {
    "calling": "  -- ---- s- ---",
  },
  Calling {
    "calling": "s -  -- s s- ---",
  },
  Calling {
    "calling": "  s- -- s s- ---",
  },
  Calling {
    "calling": "   -  s s s- ---",
  },
  Calling {
    "calling": "  ----- -  -  s-",
  },
  Calling {
    "calling": "s - s-- -  -  s-",
  },
  Calling {
    "calling": "   s- s -  -  s-",
  },
  Calling {
    "calling": "  -- ----  -  s-",
  },
  Calling {
    "calling": "s -  -- s  -  s-",
  },
  Calling {
    "calling": "  s- -- s  -  s-",
  },
  Calling {
    "calling": "   -  s s  -  s-",
  },
  Calling {
    "calling": "  -- - --- -  s-",
  },
  Calling {
    "calling": "   s-   s- -  s-",
  },
  Calling {
    "calling": "s - --  s- -  s-",
  },
  Calling {
    "calling": "  s---  s- -  s-",
  },
]
`;
